{
  "am_framework_direct_query": {
    "result_count": 3,
    "sample_names": [
      "NO FRAMEWORK AM",
      "9:30 Open P03",
      "9:50-10:10 Macro"
    ]
  },
  "known_page_NQ_30_07_AM_FRAMEWORK": {
    "id": "xiXM",
    "type": "relation",
    "relation": [
      {
        "id": "285f7bb7-7d6d-80a6-81eb-ed259abc8518"
      },
      {
        "id": "269f7bb7-7d6d-804a-85a2-e319eece415f"
      }
    ],
    "has_more": false
  },
  "known_page_NQ_30_07_all_relation_keys": {
    "TRADE TAKEN": {
      "id": "%3Azxj",
      "type": "relation",
      "relation": [],
      "has_more": false
    },
    "TRADE": {
      "id": "%3EU~%60",
      "type": "relation",
      "relation": [],
      "has_more": false
    },
    "PM SETUPS": {
      "id": "H_mU",
      "type": "relation",
      "relation": [],
      "has_more": false
    },
    "AM SETUPS ": {
      "id": "M%3DXi",
      "type": "relation",
      "relation": [],
      "has_more": false
    },
    "PM FRAMEWORK": {
      "id": "Px_Q",
      "type": "relation",
      "relation": [],
      "has_more": false
    },
    "\ud83d\udcb0 LIQUIDITY": {
      "id": "WwK~",
      "type": "relation",
      "relation": [],
      "has_more": false
    },
    "BACKTESTING INDICES": {
      "id": "%60%3D%3Dr",
      "type": "relation",
      "relation": [],
      "has_more": false
    },
    "\ud83c\udf3c NARRATIVE": {
      "id": "%60Ni%3B",
      "type": "relation",
      "relation": [],
      "has_more": false
    },
    "ACCOUNTS": {
      "id": "%60%5E%3Dy",
      "type": "relation",
      "relation": [],
      "has_more": false
    },
    "ADVANCED VIEW": {
      "id": "j%40x%60",
      "type": "relation",
      "relation": [],
      "has_more": false
    },
    "ENTRY MODELS": {
      "id": "nHMY",
      "type": "relation",
      "relation": [
        {
          "id": "269f7bb7-7d6d-8060-8554-fa7394e1bc3f"
        },
        {
          "id": "269f7bb7-7d6d-8083-9a48-e3fae950184f"
        }
      ],
      "has_more": false
    },
    "ENTRY PDA": {
      "id": "pDJh",
      "type": "relation",
      "relation": [],
      "has_more": false
    },
    "DAILY BIAS": {
      "id": "pT%3Co",
      "type": "relation",
      "relation": [],
      "has_more": false
    },
    "\ud83c\udfaf TARGET INEFFICIENCY": {
      "id": "qjZi",
      "type": "relation",
      "relation": [],
      "has_more": false
    },
    " SESSION PROFILE": {
      "id": "vwRv",
      "type": "relation",
      "relation": [],
      "has_more": false
    },
    "AM FRAMEWORK": {
      "id": "xiXM",
      "type": "relation",
      "relation": [
        {
          "id": "285f7bb7-7d6d-80a6-81eb-ed259abc8518"
        },
        {
          "id": "269f7bb7-7d6d-804a-85a2-e319eece415f"
        }
      ],
      "has_more": false
    }
  }
}